// Jest Snapshot v1, https://goo.gl/fbAQLP

exports[`<Form /> should render correctly with styles 1`] = `
.c0 {
  width: 100%;
  max-width: 600px;
  margin: 0 auto;
  padding: 24px;
  background-color: #FFFFFF;
  border-radius: 30px;
  box-shadow: 0 4px 12px rgba(0,0,0,0.1);
  border: 1px solid #4169E1;
}

.c0>*:not(:last-child) {
  margin-bottom: 16px;
}

<form
  class="c0"
>
  <input
    placeholder="Test Input"
    type="text"
  />
  <button
    type="submit"
  >
    Submit
  </button>
</form>
`;
