// Jest Snapshot v1, https://goo.gl/fbAQLP

exports[`<Heading /> should render with default props 1`] = `
.c0 {
  color: #FFFFFF;
  margin-bottom: 15px;
  font-size: 3rem;
  text-transform: none;
}

<h1
  class="c0"
>
  Test
</h1>
`;
