// Jest Snapshot v1, https://goo.gl/fbAQLP

exports[`<Login /> should match snapshot 1`] = `
.c0 {
  display: flex;
  flex-direction: column;
  justify-content: center;
  align-items: center;
  width: clamp(320px, 50%, 600px);
  background-color: #000000;
  border-radius: 30px;
  box-shadow: 0 4px 12px rgba(0,0,0,0.1);
  border: 1px solid #000000;
}

.c0>*:not(:last-child) {
  margin-bottom: 16px;
}

.c2 {
  margin-bottom: 16px;
  width: 100%;
  position: relative;
}

.c3 {
  display: block;
  margin-bottom: 8px;
  color: #FFFFFF;
  font-size: 1.6rem;
  font-weight: 600;
}

.c4 {
  padding: 15px 0px;
  width: 100%;
  border: none;
  font-size: 1.6rem;
  border-bottom: 1px solid #FFFFFF;
  background-color: #000000;
  color: #FFFFFF;
  outline: none;
  transition: border-color 0.3s ease;
}

.c4::placeholder {
  font-weight: 600;
  font-size: 1.6rem;
}

.c5 {
  position: absolute;
  right: 10px;
  top: 50%;
  transform: translateY(-50%);
  color: #FFFFFF;
  pointer-events: none;
}

.c1 {
  color: #FFFFFF;
  margin-bottom: 15px;
  font-size: 3rem;
  text-transform: none;
}

.c6 {
  width: 100%;
  padding: 15px 0px;
  background-color: #FFFFFF;
  border: none;
  border-radius: 10px;
  font-size: 1.6rem;
  font-weight: 700;
  cursor: pointer;
  transition: background-color 0.3s ease;
}

.c6:hover {
  background-color: #d0d0d0;
}

.c6:disabled {
  cursor: not-allowed;
}

<div>
  <form
    class="c0"
  >
    <h2
      class="c1"
    >
      Login In
    </h2>
    <div
      class="c2"
    >
      <label
        class="c3"
        for="email"
      >
        Email
      </label>
      <input
        class="c4"
        id="email"
        placeholder="Digite seu email"
        required=""
        type="email"
        value=""
      />
      <svg
        aria-hidden="true"
        class="svg-inline--fa fa-envelope c5"
        data-icon="envelope"
        data-prefix="fas"
        focusable="false"
        role="img"
        viewBox="0 0 512 512"
        xmlns="http://www.w3.org/2000/svg"
      >
        <path
          d="M48 64C21.5 64 0 85.5 0 112c0 15.1 7.1 29.3 19.2 38.4L236.8 313.6c11.4 8.5 27 8.5 38.4 0L492.8 150.4c12.1-9.1 19.2-23.3 19.2-38.4c0-26.5-21.5-48-48-48L48 64zM0 176L0 384c0 35.3 28.7 64 64 64l384 0c35.3 0 64-28.7 64-64l0-208L294.4 339.2c-22.8 17.1-54 17.1-76.8 0L0 176z"
          fill="currentColor"
        />
      </svg>
    </div>
    <div
      class="c2"
    >
      <label
        class="c3"
        for="password"
      >
        Senha
      </label>
      <input
        class="c4"
        id="password"
        maxlength="20"
        minlength="5"
        placeholder="Digite sua senha"
        required=""
        type="password"
        value=""
      />
      <svg
        aria-hidden="true"
        class="svg-inline--fa fa-lock c5"
        data-icon="lock"
        data-prefix="fas"
        focusable="false"
        role="img"
        viewBox="0 0 448 512"
        xmlns="http://www.w3.org/2000/svg"
      >
        <path
          d="M144 144l0 48 160 0 0-48c0-44.2-35.8-80-80-80s-80 35.8-80 80zM80 192l0-48C80 64.5 144.5 0 224 0s144 64.5 144 144l0 48 16 0c35.3 0 64 28.7 64 64l0 192c0 35.3-28.7 64-64 64L64 512c-35.3 0-64-28.7-64-64L0 256c0-35.3 28.7-64 64-64l16 0z"
          fill="currentColor"
        />
      </svg>
    </div>
    <button
      aria-label="Login In"
      class="c6"
      type="submit"
    >
      Login In
    </button>
  </form>
</div>
`;
