// Jest Snapshot v1, https://goo.gl/fbAQLP

exports[`<TextBlock /> should match snapshot 1`] = `
.c1 {
  color: #FFFFFF;
  margin-bottom: 15px;
  font-size: 3rem;
  text-transform: none;
}

.c0 {
  display: flex;
  flex-direction: column;
  width: clamp(320px, 50%, 600px);
  color: #FFFFFF;
}

.c3 {
  margin-top: 16px;
  line-height: 2rem;
  font-size: 1.6rem;
}

.c2 {
  margin-top: 8px;
}

<div>
  <div
    class="c0"
  >
    <h1
      class="c1"
    >
      Title
    </h1>
    <h3
      class="c2"
    >
      Subtitle
    </h3>
    <p
      class="c3"
    >
      Test
    </p>
  </div>
</div>
`;
